<?xml version="1.0" encoding="utf-8"?>
<DiscoveryClientResultsFile xmlns:xsi="http://www.w3.org/2001/XMLSchema-instance" xmlns:xsd="http://www.w3.org/2001/XMLSchema">
  <Results>
    <DiscoveryClientResult referenceType="System.Web.Services.Discovery.SchemaReference" url="file:///D:/Projects/DNN/Tools/Rates_Pkg_Gnd/RatingGROUNDFREIGHTWebService/SCHEMA-WSDLs/common.xsd" filename="common.xsd" />
    <DiscoveryClientResult referenceType="System.Web.Services.Discovery.ContractReference" url="file:///D:/Projects/DNN/Tools/Rates_Pkg_Gnd/RatingGROUNDFREIGHTWebService/SCHEMA-WSDLs/FreightRate.wsdl" filename="FreightRate.wsdl" />
    <DiscoveryClientResult referenceType="System.Web.Services.Discovery.SchemaReference" url="file:///D:/Projects/DNN/Tools/Rates_Pkg_Gnd/RatingGROUNDFREIGHTWebService/SCHEMA-WSDLs/Error1.1.xsd" filename="Error1.xsd" />
    <DiscoveryClientResult referenceType="System.Web.Services.Discovery.SchemaReference" url="file:///D:/Projects/DNN/Tools/Rates_Pkg_Gnd/RatingGROUNDFREIGHTWebService/SCHEMA-WSDLs/UPSSecurity.xsd" filename="UPSSecurity.xsd" />
    <DiscoveryClientResult referenceType="System.Web.Services.Discovery.SchemaReference" url="file:///D:/Projects/DNN/Tools/Rates_Pkg_Gnd/RatingGROUNDFREIGHTWebService/SCHEMA-WSDLs/FreightRateWebServiceSchema.xsd" filename="FreightRateWebServiceSchema.xsd" />
  </Results>
</DiscoveryClientResultsFile>